Command:
/create-file src/utils/helper.py "# Helper module"

Result:
Created file: src/utils/helper.py with content

File created: src/utils/helper.py
File content:
--- FILE CONTENT START ---
# Helper module
--- FILE CONTENT END ---
