Command:
/create readme.txt Hello World

Result:
Created file: readme.txt with content
