Command:
/create multi.txt "Line 1\nLine 2"

Result:
Created file: multi.txt with content

File created: multi.txt
File content: 'Line 1\nLine 2'
