Command:
/create empty.txt ""

Result:
Created file: empty.txt with content
