Command:
/create a

Result:
Created empty file: a

File created: a
File content: ''
