Command:
/create config.json {"name": "test"}

Result:
Created file: config.json with content
