# Standard out:
Starting new session

Claude: /ls /tmp/test_path
total 6
drwxr-xr-x 1 riegl 197609  0 [DATE] .
drwxr-xr-x 1 riegl 197609  0 [DATE] ..
-rw-r--r-- 1 riegl 197609 27 [DATE] file1.txt
-rw-r--r-- 1 riegl 197609 47 [DATE] file2.py
drwxr-xr-x 1 riegl 197609  0 [DATE] subdir


# Saved messages:
user: Test message
assistant: /ls /tmp/test_path
user: total 6
drwxr-xr-x 1 riegl 197609  0 [DATE] .
drwxr-xr-x 1 riegl 197609  0 [DATE] ..
-rw-r--r-- 1 riegl 197609 27 [DATE] file1.txt
-rw-r--r-- 1 riegl 197609 47 [DATE] file2.py
drwxr-xr-x 1 riegl 197609  0 [DATE] subdir
