Starting new session

Claude: Test answer

Exiting...
