Command: /ls /nonexistent/path
STDERR: ls: cannot access '/nonexistent/path': No such file or directory
Result: STDERR: ls: cannot access '/nonexistent/path': No such file or directory
