Command:
/create test.txt a

Result:
Created file: test.txt with content
