Command:
/create a

Result:
Created empty file: a
