Command:
/ls /tmp/test_path

Result:

STDERR: ls: /nonexistent/path: No such file or directory
