Command: /cat /nonexistent/file.txt
STDERR: cat: /nonexistent/file.txt: No such file or directory
Result: STDERR: cat: /nonexistent/file.txt: No such file or directory
