Command: This is just regular text without commands
Result: 
