Command:
/create test.txt

Result:
Created empty file: test.txt
