Command: /cat /tmp/test_path/special-file_name.txt
1	Content with special chars: !@#$%^&*()
Result: 1	Content with special chars: !@#$%^&*()
